// Jest Snapshot v1, https://goo.gl/fbAQLP

exports[`areaDivider should return the expected output - default precision 1`] = `
Array [
  Object {
    "geometry": Object {
      "coordinates": Array [
        Array [
          Array [
            2.15081,
            41.41161,
          ],
          Array [
            2.150402,
            41.412158,
          ],
          Array [
            2.150831,
            41.412415,
          ],
          Array [
            2.149608,
            41.413139,
          ],
          Array [
            2.149994,
            41.413638,
          ],
          Array [
            2.149651,
            41.414394,
          ],
          Array [
            2.148492,
            41.41425,
          ],
          Array [
            2.147698,
            41.414652,
          ],
          Array [
            2.148707,
            41.416679,
          ],
          Array [
            2.150102,
            41.416856,
          ],
          Array [
            2.152913,
            41.416728,
          ],
          Array [
            2.154672,
            41.415199,
          ],
          Array [
            2.155337,
            41.414829,
          ],
          Array [
            2.154543,
            41.413236,
          ],
          Array [
            2.153771,
            41.413912,
          ],
          Array [
            2.15214,
            41.412817,
          ],
          Array [
            2.152419,
            41.412254,
          ],
          Array [
            2.15081,
            41.41161,
          ],
        ],
      ],
      "type": "Polygon",
    },
    "properties": Object {},
    "type": "Feature",
  },
]
`;

exports[`areaDivider should return the expected output 1`] = `
Array [
  Object {
    "geometry": Object {
      "coordinates": Array [
        Array [
          Array [
            2.19,
            41.3890337470489,
          ],
          Array [
            2.1885169722352895,
            41.39,
          ],
          Array [
            2.19,
            41.39,
          ],
          Array [
            2.19,
            41.3890337470489,
          ],
        ],
      ],
      "type": "Polygon",
    },
    "properties": Object {},
    "type": "Feature",
  },
  Object {
    "geometry": Object {
      "coordinates": Array [
        Array [
          Array [
            2.1885169722352895,
            41.39,
          ],
          Array [
            2.186623,
            41.391234,
          ],
          Array [
            2.1864997471593233,
            41.4,
          ],
          Array [
            2.19,
            41.4,
          ],
          Array [
            2.19,
            41.39,
          ],
          Array [
            2.1885169722352895,
            41.39,
          ],
        ],
      ],
      "type": "Polygon",
    },
    "properties": Object {},
    "type": "Feature",
  },
  Object {
    "geometry": Object {
      "coordinates": Array [
        Array [
          Array [
            2.1864997471593233,
            41.4,
          ],
          Array [
            2.186451,
            41.403467,
          ],
          Array [
            2.19,
            41.40427716901255,
          ],
          Array [
            2.19,
            41.4,
          ],
          Array [
            2.1864997471593233,
            41.4,
          ],
        ],
      ],
      "type": "Polygon",
    },
    "properties": Object {},
    "type": "Feature",
  },
  Object {
    "geometry": Object {
      "coordinates": Array [
        Array [
          Array [
            2.1964546580107616,
            41.39,
          ],
          Array [
            2.193146,
            41.386984,
          ],
          Array [
            2.19,
            41.3890337470489,
          ],
          Array [
            2.19,
            41.39,
          ],
          Array [
            2.1964546580107616,
            41.39,
          ],
        ],
      ],
      "type": "Polygon",
    },
    "properties": Object {},
    "type": "Feature",
  },
  Object {
    "geometry": Object {
      "coordinates": Array [
        Array [
          Array [
            2.2,
            41.39323174876484,
          ],
          Array [
            2.1964546580107616,
            41.39,
          ],
          Array [
            2.19,
            41.39,
          ],
          Array [
            2.19,
            41.4,
          ],
          Array [
            2.2,
            41.4,
          ],
          Array [
            2.2,
            41.39323174876484,
          ],
        ],
      ],
      "type": "Polygon",
    },
    "properties": Object {},
    "type": "Feature",
  },
  Object {
    "geometry": Object {
      "coordinates": Array [
        Array [
          Array [
            2.19,
            41.40427716901255,
          ],
          Array [
            2.2,
            41.40655997828998,
          ],
          Array [
            2.2,
            41.4,
          ],
          Array [
            2.19,
            41.4,
          ],
          Array [
            2.19,
            41.40427716901255,
          ],
        ],
      ],
      "type": "Polygon",
    },
    "properties": Object {},
    "type": "Feature",
  },
  Object {
    "geometry": Object {
      "coordinates": Array [
        Array [
          Array [
            2.2,
            41.42617098546242,
          ],
          Array [
            2.197609,
            41.428313,
          ],
          Array [
            2.2,
            41.426560718522445,
          ],
          Array [
            2.2,
            41.42617098546242,
          ],
        ],
      ],
      "type": "Polygon",
    },
    "properties": Object {},
    "type": "Feature",
  },
  Object {
    "geometry": Object {
      "coordinates": Array [
        Array [
          Array [
            2.2,
            41.421162941290696,
          ],
          Array [
            2.198639,
            41.422263,
          ],
          Array [
            2.2,
            41.42142363763066,
          ],
          Array [
            2.2,
            41.421162941290696,
          ],
        ],
      ],
      "type": "Polygon",
    },
    "properties": Object {},
    "type": "Feature",
  },
  Object {
    "geometry": Object {
      "coordinates": Array [
        Array [
          Array [
            2.2074250095053185,
            41.4,
          ],
          Array [
            2.2,
            41.39323174876484,
          ],
          Array [
            2.2,
            41.4,
          ],
          Array [
            2.2074250095053185,
            41.4,
          ],
        ],
      ],
      "type": "Polygon",
    },
    "properties": Object {},
    "type": "Feature",
  },
  Object {
    "geometry": Object {
      "coordinates": Array [
        Array [
          Array [
            2.21,
            41.40234722697441,
          ],
          Array [
            2.2074250095053185,
            41.4,
          ],
          Array [
            2.2,
            41.4,
          ],
          Array [
            2.2,
            41.40655997828998,
          ],
          Array [
            2.21,
            41.408842787567394,
          ],
          Array [
            2.21,
            41.40234722697441,
          ],
        ],
      ],
      "type": "Polygon",
    },
    "properties": Object {},
    "type": "Feature",
  },
  Object {
    "geometry": Object {
      "coordinates": Array [
        Array [
          Array [
            2.208952145068047,
            41.42,
          ],
          Array [
            2.21,
            41.41923206324198,
          ],
          Array [
            2.21,
            41.417212329930926,
          ],
          Array [
            2.206888294165037,
            41.42,
          ],
          Array [
            2.208952145068047,
            41.42,
          ],
        ],
      ],
      "type": "Polygon",
    },
    "properties": Object {},
    "type": "Feature",
  },
  Object {
    "geometry": Object {
      "coordinates": Array [
        Array [
          Array [
            2.2023083841807902,
            41.42,
          ],
          Array [
            2.21,
            41.415256390243904,
          ],
          Array [
            2.21,
            41.41308021748981,
          ],
          Array [
            2.2014387987507,
            41.42,
          ],
          Array [
            2.2023083841807902,
            41.42,
          ],
        ],
      ],
      "type": "Polygon",
    },
    "properties": Object {},
    "type": "Feature",
  },
  Object {
    "geometry": Object {
      "coordinates": Array [
        Array [
          Array [
            2.2,
            41.426560718522445,
          ],
          Array [
            2.208952145068047,
            41.42,
          ],
          Array [
            2.206888294165037,
            41.42,
          ],
          Array [
            2.2,
            41.42617098546242,
          ],
          Array [
            2.2,
            41.426560718522445,
          ],
        ],
      ],
      "type": "Polygon",
    },
    "properties": Object {},
    "type": "Feature",
  },
  Object {
    "geometry": Object {
      "coordinates": Array [
        Array [
          Array [
            2.2,
            41.42142363763066,
          ],
          Array [
            2.2023083841807902,
            41.42,
          ],
          Array [
            2.2014387987507,
            41.42,
          ],
          Array [
            2.2,
            41.421162941290696,
          ],
          Array [
            2.2,
            41.42142363763066,
          ],
        ],
      ],
      "type": "Polygon",
    },
    "properties": Object {},
    "type": "Feature",
  },
  Object {
    "geometry": Object {
      "coordinates": Array [
        Array [
          Array [
            2.218395360999875,
            41.41,
          ],
          Array [
            2.21,
            41.40234722697441,
          ],
          Array [
            2.21,
            41.408842787567394,
          ],
          Array [
            2.214088,
            41.409776,
          ],
          Array [
            2.2138108657003333,
            41.41,
          ],
          Array [
            2.218395360999875,
            41.41,
          ],
        ],
      ],
      "type": "Polygon",
    },
    "properties": Object {},
    "type": "Feature",
  },
  Object {
    "geometry": Object {
      "coordinates": Array [
        Array [
          Array [
            2.22,
            41.411462705183986,
          ],
          Array [
            2.218395360999875,
            41.41,
          ],
          Array [
            2.2138108657003333,
            41.41,
          ],
          Array [
            2.21,
            41.41308021748981,
          ],
          Array [
            2.21,
            41.415256390243904,
          ],
          Array [
            2.217007,
            41.410935,
          ],
          Array [
            2.21,
            41.417212329930926,
          ],
          Array [
            2.21,
            41.41923206324198,
          ],
          Array [
            2.22,
            41.41190340796152,
          ],
          Array [
            2.22,
            41.411462705183986,
          ],
        ],
      ],
      "type": "Polygon",
    },
    "properties": Object {},
    "type": "Feature",
  },
  Object {
    "geometry": Object {
      "coordinates": Array [
        Array [
          Array [
            2.22,
            41.41190340796152,
          ],
          Array [
            2.220268,
            41.411707,
          ],
          Array [
            2.22,
            41.411462705183986,
          ],
          Array [
            2.22,
            41.41190340796152,
          ],
        ],
      ],
      "type": "Polygon",
    },
    "properties": Object {},
    "type": "Feature",
  },
]
`;
